MO adder NULL adder.vf vlg54/adder.bin 1301926578
MO ADD8_MXILINX_adder NULL adder.vf vlg48/_a_d_d8___m_x_i_l_i_n_x__adder.bin 1301926578
MO ADD4_MXILINX_adder NULL adder.vf vlg24/_a_d_d4___m_x_i_l_i_n_x__adder.bin 1301926578
MO ADD16_MXILINX_adder NULL adder.vf vlg67/_a_d_d16___m_x_i_l_i_n_x__adder.bin 1301926578
