V3 3
FL "F:/Design Project 2/XilinxCode/RegFile/xi/xi/RegFile2/SignExtend.vhd" 2011/04/04.04:23:02 K.39
EN work/SignExtend 1301925793 \
      FL "F:/Design Project 2/XilinxCode/RegFile/xi/xi/RegFile2/SignExtend.vhd" \
      PB ieee/std_logic_1164 1217055545 PB ieee/std_logic_arith 1217055546 \
      PB ieee/STD_LOGIC_UNSIGNED 1217055547 PH ieee/NUMERIC_STD 1217055545
AR work/SignExtend/Behavioral 1301925794 \
      FL "F:/Design Project 2/XilinxCode/RegFile/xi/xi/RegFile2/SignExtend.vhd" \
      EN work/SignExtend 1301925793
