Release 10.1.03 - xst K.39 (nt)
Copyright (c) 1995-2008 Xilinx, Inc.  All rights reserved.
--> Parameter TMPDIR set to F:/Design Project 2/XilinxCode/MemoryUnit/MemoryUnit/xst/projnav.tmp


Total REAL time to Xst completion: 0.00 secs
Total CPU time to Xst completion: 0.33 secs
 
--> Parameter xsthdpdir set to F:/Design Project 2/XilinxCode/MemoryUnit/MemoryUnit/xst


Total REAL time to Xst completion: 0.00 secs
Total CPU time to Xst completion: 0.33 secs
 
--> Reading design: Thirty2Bit.prj

TABLE OF CONTENTS
  1) Synthesis Options Summary
  2) HDL Compilation
  3) Design Hierarchy Analysis
  4) HDL Analysis
  5) HDL Synthesis
     5.1) HDL Synthesis Report
  6) Advanced HDL Synthesis
     6.1) Advanced HDL Synthesis Report
  7) Low Level Synthesis
  8) Partition Report
  9) Final Report

=========================================================================
*                      Synthesis Options Summary                        *
=========================================================================
---- Source Parameters
Input File Name                    : "Thirty2Bit.prj"
Input Format                       : mixed
Ignore Synthesis Constraint File   : NO

---- Target Parameters
Output File Name                   : "Thirty2Bit"
Output Format                      : NGC
Target Device                      : Automotive 9500XL

---- Source Options
Top Module Name                    : Thirty2Bit
Automatic FSM Extraction           : YES
FSM Encoding Algorithm             : Auto
Safe Implementation                : No
Mux Extraction                     : YES
Resource Sharing                   : YES

---- Target Options
Add IO Buffers                     : YES
MACRO Preserve                     : YES
XOR Preserve                       : YES
Equivalent register Removal        : YES

---- General Options
Optimization Goal                  : Speed
Optimization Effort                : 1
Library Search Order               : Thirty2Bit.lso
Keep Hierarchy                     : YES
Netlist Hierarchy                  : as_optimized
RTL Output                         : Yes
Hierarchy Separator                : /
Bus Delimiter                      : <>
Case Specifier                     : maintain
Verilog 2001                       : YES

---- Other Options
Clock Enable                       : YES
wysiwyg                            : NO

=========================================================================


=========================================================================
*                          HDL Compilation                              *
=========================================================================
Compiling vhdl file "F:/Design Project 2/XilinxCode/MemoryUnit/MemoryUnit/MemUnitDlx.vhdl" in Library work.
Entity <Thirty2Bit> compiled.
Entity <Thirty2Bit> (Architecture <memstruct>) compiled.

=========================================================================
*                     Design Hierarchy Analysis                         *
=========================================================================
Analyzing hierarchy for entity <Thirty2Bit> in library <work> (architecture <memstruct>).


=========================================================================
*                            HDL Analysis                               *
=========================================================================
Analyzing Entity <Thirty2Bit> in library <work> (Architecture <memstruct>).
WARNING:Xst:790 - "F:/Design Project 2/XilinxCode/MemoryUnit/MemoryUnit/MemUnitDlx.vhdl" line 39: Index value(s) does not match array range, simulation mismatch.
WARNING:Xst:790 - "F:/Design Project 2/XilinxCode/MemoryUnit/MemoryUnit/MemUnitDlx.vhdl" line 42: Index value(s) does not match array range, simulation mismatch.
ERROR:Xst:827 - "F:/Design Project 2/XilinxCode/MemoryUnit/MemoryUnit/MemUnitDlx.vhdl" line 30: Signal D_OUT cannot be synthesized, bad synchronous description. The description style you are using to describe a synchronous element (register, memory, etc.) is not supported in the current software release.
--> 

Total memory usage is 229148 kilobytes

Number of errors   :    1 (   0 filtered)
Number of warnings :    2 (   0 filtered)
Number of infos    :    0 (   0 filtered)

